p: 01:01:09.267983 127.0.0.1.9000 127.0.0.1.23 S 0
port: 23
url: tn3270://localhost:24/?MODEL=IBM-3278-2-E
dev: IBM-3278-2-E
p: 01:01:09.268581 127.0.0.1.23 127.0.0.1.9000 S 0
p: 01:01:09.268604 127.0.0.1.9000 127.0.0.1.23 . 0
p: 01:01:09.269746 127.0.0.1.23 127.0.0.1.9000 P 3
p: 01:01:09.269767 127.0.0.1.9000 127.0.0.1.23 . 0
p: 01:01:09.269934 127.0.0.1.9000 127.0.0.1.23 P 3
p: 01:01:09.270266 127.0.0.1.23 127.0.0.1.9000 P 0
p: 01:01:09.270347 127.0.0.1.23 127.0.0.1.9000 P 7
p: 01:01:09.270369 127.0.0.1.9000 127.0.0.1.23 . 0
p: 01:01:09.270478 127.0.0.1.9000 127.0.0.1.23 P 19
p: 01:01:09.270767 127.0.0.1.23 127.0.0.1.9000 P 0
p: 01:01:09.271006 127.0.0.1.23 127.0.0.1.9000 P 28
p: 01:01:09.271099 127.0.0.1.9000 127.0.0.1.23 P 10
p: 01:01:09.271512 127.0.0.1.23 127.0.0.1.9000 P 0
p: 01:01:09.271632 127.0.0.1.23 127.0.0.1.9000 P 10
p: 01:01:09.272568 127.0.0.1.23 127.0.0.1.9000 . 135
received: 135
packet: 40
  000000  03 00 00 00 00 31 01 03  03 91 90 30 80 00 84 87  |.........j....dg|
  000010  f8 80 00 02 80 00 00 00  00 18 50 00 00 7e 00 00  |8.........&..=..|
  000020  06 e3 c5 d3 d5 c5 e3 00                           |.TELNET.        |
packet: 91
  000000  00 00 00 00 00 01 c2 1d  60 d5 c5 e3 e2 d6 d3 40  |......B.-NETSOL |
  000010  d4 e2 c7 f1 f0 7a 40 c5  d5 e3 c5 d9 40 c1 d7 d7  |MSG10: ENTER APP|
  000020  d3 c9 c3 c1 e3 c9 d6 d5  40 40 40 40 40 40 40 40  |LICATION        |
  000030  40 40 40 40 40 40 40 40  40 40 40 40 40 40 40 40  |                |
  000040  40 40 40 40 40 40 40 40  40 40 40 40 40 40 40 40  |                |
  000050  40 40 40 40 40 40 40 40  1d 40 13                 |        . .     |
parse: 0 cmd:1 kb:true mdt:false
file: C:\ide\Projects\ds\test\tso\htm\t1.html
p: 01:01:09.272714 127.0.0.1.9000 127.0.0.1.23 . 0
p: 01:01:09.370184 127.0.0.1.9000 127.0.0.1.23 . 0
p: 01:02:02.861204 127.0.0.1.9000 127.0.0.1.23 P 16
sent: 16
  000000  00 00 00 00 00 7d c1 d4  11 c1 d1 a3 a2 96 ff ef  |.....'AM.AJtso..|
p: 01:02:02.861776 127.0.0.1.23 127.0.0.1.9000 P 0
p: 01:02:02.862198 127.0.0.1.23 127.0.0.1.9000 P 8
received: 8
packet: 6
  000000  04 00 00 00 00 01                                 |......          |
p: 01:02:02.960177 127.0.0.1.9000 127.0.0.1.23 . 0
p: 01:02:02.960741 127.0.0.1.23 127.0.0.1.9000 P 107
received: 107
packet: 56
  000000  03 00 00 00 00 31 01 03  03 b1 90 30 80 00 87 87  |..............gg|
  000010  c7 80 00 02 80 00 00 00  00 18 50 00 00 7e 00 00  |G.........&..=..|
  000020  07 d7 d3 e4 f0 f0 f0 f1  00 05 00 6f 19 31 d8 08  |.PLU0001...?..Q.|
  000030  e2 d3 e4 f0 f0 f0 f0 f1                           |SLU00001        |
packet: 47
  000000  00 00 02 00 01 f5 c1 11  5d 7f 1d 40 11 40 40 1d  |.....5A.)". .  .|
  000010  c8 c9 d2 d1 f5 f6 f7 f0  f0 c1 40 c5 d5 e3 c5 d9  |HIKJ56700A ENTER|
  000020  40 e4 e2 c5 d9 c9 c4 40  60 1d 40 11 c1 50 13     | USERID -. .A&. |
parse: 1 cmd:f5 kb:false mdt:true
file: C:\ide\Projects\ds\test\tso\htm\t2.html
p: 01:02:02.964390 127.0.0.1.9000 127.0.0.1.23 P 8
p: 01:02:02.965304 127.0.0.1.23 127.0.0.1.9000 P 0
p: 01:02:02.966320 127.0.0.1.23 127.0.0.1.9000 P 9
received: 9
packet: 7
  000000  00 00 02 00 02 f1 c2                              |.....1B         |
parse: 2 cmd:f1 kb:true mdt:false
file: C:\ide\Projects\ds\test\tso\htm\t3.html
p: 01:02:02.966414 127.0.0.1.9000 127.0.0.1.23 P 8
p: 01:02:02.966912 127.0.0.1.23 127.0.0.1.9000 P 0
p: 01:03:04.135623 127.0.0.1.9000 127.0.0.1.23 P 20
sent: 20
  000000  00 00 00 00 01 7d c1 d7  11 40 5a a3 a2 96 a4 a2  |.....'AP. !tsous|
  000010  85 99 ff ef                                       |er..            |
p: 01:03:04.136219 127.0.0.1.23 127.0.0.1.9000 P 0
p: 01:03:04.171590 127.0.0.1.23 127.0.0.1.9000 P 1111
received: 1111
packet: 1109
  000000  00 00 02 00 03 f5 c3 11  40 40 3c 40 40 40 11 40  |.....5C.  .   . |
  000010  40 1d e8 60 60 60 60 60  60 60 60 60 60 60 60 60  | .Y-------------|
  000020  60 60 60 60 60 60 60 60  60 60 60 60 60 60 60 60  |----------------|
  000030  60 60 40 e3 e2 d6 61 c5  40 d3 d6 c7 d6 d5 40 60  |-- TSO/E LOGON -|
  000040  60 60 60 60 60 60 60 60  60 60 60 60 60 60 60 60  |----------------|
  000050  60 60 60 60 60 60 60 60  60 60 60 60 60 60 60 60  |----------------|
  000060  60 60 60 11 c1 50 1d e8  40 40 40 40 40 40 40 40  |---.A&.Y        |
  000070  40 40 40 40 40 40 40 40  40 40 40 40 40 40 40 40  |                |
  000080  40 40 40 40 40 40 40 40  40 40 40 40 40 40 40 40  |                |
  000090  40 40 40 40 40 40 40 40  40 40 40 40 40 40 40 40  |                |
  0000a0  40 40 40 40 40 40 40 40  40 40 40 40 40 40 40 40  |                |
  0000b0  40 40 40 40 40 40 40 40  11 c2 60 1d e8 40 40 40  |        .B-.Y   |
  0000c0  40 40 40 40 40 40 40 40  40 40 40 40 40 40 40 40  |                |
  0000d0  40 40 40 40 40 40 40 40  40 40 40 40 40 40 40 40  |                |
  0000e0  40 40 40 40 40 40 40 40  40 40 40 40 40 40 40 40  |                |
  0000f0  40 40 40 40 40 40 40 40  40 40 40 40 40 40 40 40  |                |
  000100  40 40 40 40 40 40 40 40  40 40 40 40 40 11 5b 60  |             .$-|
  000110  1d e8 d7 c6 f1 61 d7 c6  f1 f3 40 7e 7e 6e 40 c8  |.YPF1/PF13 ==> H|
  000120  85 93 97 40 40 40 40 d7  c6 f3 61 d7 c6 f1 f5 40  |elp    PF3/PF15 |
  000130  7e 7e 6e 40 d3 96 87 96  86 86 40 40 40 40 d7 c1  |==> Logoff    PA|
  000140  f1 40 7e 7e 6e 40 c1 a3  a3 85 95 a3 89 96 95 40  |1 ==> Attention |
  000150  40 40 40 d7 c1 f2 40 7e  7e 6e 40 d9 85 a2 88 96  |   PA2 ==> Resho|
  000160  a6 11 5c f0 1d e8 e8 96  a4 40 94 81 a8 40 99 85  |w.*0.YYou may re|
  000170  98 a4 85 a2 a3 40 a2 97  85 83 89 86 89 83 40 88  |quest specific h|
  000180  85 93 97 40 89 95 86 96  99 94 81 a3 89 96 95 40  |elp information |
  000190  82 a8 40 85 95 a3 85 99  89 95 87 40 81 40 7d 6f  |by entering a '?|
  0001a0  7d 40 89 95 40 81 95 a8  40 85 95 a3 99 a8 40 86  |' in any entry f|
  0001b0  89 85 93 84 11 c3 f3 1d  e8 c5 95 a3 85 99 40 d3  |ield.C3.YEnter L|
  0001c0  d6 c7 d6 d5 40 97 81 99  81 94 85 a3 85 99 a2 40  |OGON parameters |
  0001d0  82 85 93 96 a6 7a 11 c4  e3 1d e8 d9 c1 c3 c6 40  |below:.DT.YRACF |
  0001e0  d3 d6 c7 d6 d5 40 97 81  99 81 94 85 a3 85 99 a2  |LOGON parameters|
  0001f0  7a 11 c6 d2 1d 60 40 e4  a2 85 99 89 84 40 40 40  |:.FK.- Userid   |
  000200  40 7e 7e 7e 6e 11 c6 e2  1d e8 e3 e2 d6 e4 e2 c5  | ===>.FS.YTSOUSE|
  000210  d9 1d f0 11 c8 f2 1d 60  40 d7 81 a2 a2 a6 96 99  |R.0.H2.- Passwor|
  000220  84 40 40 7e 7e 7e 6e 11  c9 c2 1d 4c 00 00 00 00  |d  ===>.IB.<....|
  000230  00 00 00 00 1d f0 11 4d  f2 1d 60 40 c1 83 83 a3  |.....0.(2.- Acct|
  000240  40 d5 94 82 99 40 7e 7e  7e 6e 11 4e c2 1d c8 00  | Nmbr ===>.+B.H.|
  000250  00 00 00 00 00 00 00 00  00 00 00 00 00 00 00 00  |................|
  000260  00 00 00 00 00 00 00 00  00 00 00 00 00 00 00 00  |................|
  000270  00 00 00 00 00 00 00 1d  f0 11 4b d2 1d 60 40 d7  |........0..K.- P|
  000280  99 96 83 85 84 a4 99 85  40 7e 7e 7e 6e 11 4b e2  |rocedure ===>..S|
  000290  1d c8 40 40 40 40 40 40  40 40 1d f0 11 50 d2 1d  |.H        .0.&K.|
  0002a0  60 40 e2 89 a9 85 40 40  40 40 40 40 7e 7e 7e 6e  |- Size      ===>|
  0002b0  11 50 e2 1d c8 40 40 40  40 40 40 40 1d f0 11 d2  |.&S.H       .0.K|
  0002c0  f2 1d 60 40 d7 85 99 86  96 99 94 40 40 40 7e 7e  |2.- Perform   ==|
  0002d0  7e 6e 11 d3 c2 1d c8 00  00 00 1d f0 11 4c c2 1d  |=>.LB.H....0.<B.|
  0002e0  60 40 c7 99 96 a4 97 40  c9 84 85 95 a3 40 40 7e  |- Group Ident  =|
  0002f0  7e 7e 6e 11 4c d5 1d c8  00 00 00 00 00 00 00 00  |==>.<N.H........|
  000300  1d f0 11 c9 e2 1d 60 40  d5 85 a6 40 d7 81 a2 a2  |.0.IS.- New Pass|
  000310  a6 96 99 84 40 7e 7e 7e  6e 11 c9 f5 1d 4c 00 00  |word ===>.I5.<..|
  000320  00 00 00 00 00 00 1d f0  11 d7 f3 1d e8 c5 95 a3  |.......0.P3.YEnt|
  000330  85 99 40 81 95 40 7d e2  7d 40 82 85 86 96 99 85  |er an 'S' before|
  000340  40 85 81 83 88 40 96 97  a3 89 96 95 40 84 85 a2  | each option des|
  000350  89 99 85 84 40 82 85 93  96 a6 7a 1d 60 11 d9 c7  |ired below:.-.RG|
  000360  1d e8 00 11 d9 c9 1d c8  40 1d f0 60 d5 96 94 81  |.Y..RI.H .0-Noma|
  000370  89 93 1d 60 11 d9 d7 1d  e8 00 11 d9 d9 1d c8 40  |il.-.RP.Y..RR.H |
  000380  1d f0 60 d5 96 95 96 a3  89 83 85 1d 60 11 d9 e8  |.0-Nonotice.-.RY|
  000390  1d e8 00 11 d9 6a 1d c8  00 1d f0 60 d9 85 83 96  |.Y..R..H..0-Reco|
  0003a0  95 95 85 83 a3 1d 60 11  d9 7a 1d e8 00 11 d9 7c  |nnect.-.R:.Y..R@|
  0003b0  1d c8 40 1d f0 60 d6 c9  c4 83 81 99 84 40 1d 60  |.H .0-OIDcard .-|
  0003c0  11 d5 d2 1d 60 40 c3 96  94 94 81 95 84 40 40 40  |.NK.- Command   |
  0003d0  7e 7e 7e 6e 11 d5 e2 1d  c8 40 40 40 40 40 40 40  |===>.NS.H       |
  0003e0  40 40 40 40 40 40 40 40  40 40 40 40 40 40 40 40  |                |
  0003f0  40 40 40 40 40 40 40 40  40 40 40 40 40 40 40 40  |                |
  000400  40 40 40 40 40 40 40 40  40 40 40 40 40 40 40 40  |                |
  000410  40 40 40 40 40 40 40 40  40 40 40 40 40 40 40 40  |                |
  000420  40 40 40 40 40 40 40 40  40 1d f0 11 c7 c2 1d 7c  |         .0.GB.@|
  000430  40 e2 85 83 93 81 82 85  93 40 40 40 40 40 7e 7e  | Seclabel     ==|
  000440  7e 6e 11 c7 d5 1d 7c 40  40 40 40 40 40 40 40 1d  |=>.GN.@        .|
  000450  f0 11 c9 c3 13                                    |0.IC.           |
parse: 3 cmd:f5 kb:true mdt:true
file: C:\ide\Projects\ds\test\tso\htm\t4.html
p: 01:03:04.174437 127.0.0.1.9000 127.0.0.1.23 P 8
p: 01:03:04.174845 127.0.0.1.23 127.0.0.1.9000 P 0
p: 01:04:07.923929 127.0.0.1.9000 127.0.0.1.23 P 20
sent: 20
  000000  00 00 00 00 02 7d c9 4a  11 c9 c3 97 99 96 83 85  |.....'I..ICproce|
  000010  85 84 ff ef                                       |ed..            |
p: 01:04:07.924289 127.0.0.1.23 127.0.0.1.9000 P 0
p: 01:04:07.925529 127.0.0.1.23 127.0.0.1.9000 P 18
received: 18
packet: 16
  000000  00 00 02 00 04 f5 c1 11  5d 7f 1d 40 11 40 40 13  |.....5A.)". .  .|
parse: 4 cmd:f5 kb:false mdt:true
file: C:\ide\Projects\ds\test\tso\htm\t5.html
p: 01:04:07.927562 127.0.0.1.9000 127.0.0.1.23 P 8
p: 01:04:07.927908 127.0.0.1.23 127.0.0.1.9000 P 0
p: 01:04:07.928102 127.0.0.1.23 127.0.0.1.9000 P 13
received: 13
packet: 11
  000000  00 00 02 00 05 f5 c1 11  40 40 13                 |.....5A.  .     |
parse: 5 cmd:f5 kb:false mdt:true
file: C:\ide\Projects\ds\test\tso\htm\t6.html
p: 01:04:07.931657 127.0.0.1.9000 127.0.0.1.23 P 8
p: 01:04:07.932432 127.0.0.1.23 127.0.0.1.9000 P 0
p: 01:04:08.005722 127.0.0.1.23 127.0.0.1.9000 P 90
received: 90
packet: 88
  000000  00 00 02 00 06 f1 40 11  40 40 1d c8 c9 c3 c8 f7  |.....1 .  .HICH7|
  000010  f0 f0 f0 f1 c9 40 e3 d2  c1 d7 c7 c2 d9 40 40 d3  |0001I TKAPGBR  L|
  000020  c1 e2 e3 40 c1 c3 c3 c5  e2 e2 40 c1 e3 40 f0 f1  |AST ACCESS AT 01|
  000030  7a f0 f1 7a f0 f1 40 d6  d5 40 d4 d6 d5 c4 c1 e8  |:01:01 ON MONDAY|
  000040  6b 40 d1 c1 d5 e4 c1 d9  e8 40 f1 6b 40 f2 f0 f0  |, JANUARY 1, 200|
  000050  f1 40 1d 40 11 c1 50 13                           |1 . .A&.        |
parse: 6 cmd:f1 kb:false mdt:false
file: C:\ide\Projects\ds\test\tso\htm\t7.html
p: 01:04:08.005956 127.0.0.1.9000 127.0.0.1.23 P 8
p: 01:04:08.010187 127.0.0.1.23 127.0.0.1.9000 P 0
p: 01:04:08.030460 127.0.0.1.23 127.0.0.1.9000 P 77
received: 77
packet: 75
  000000  00 00 02 00 07 f1 40 11  c1 50 1d c8 e3 e2 d6 e4  |.....1 .A&.HTSOU|
  000010  e2 c5 d9 40 d3 d6 c7 d6  d5 40 c9 d5 40 d7 d9 d6  |SER LOGON IN PRO|
  000020  c7 d9 c5 e2 e2 40 c1 e3  40 f0 f1 7a f0 f1 7a f0  |GRESS AT 01:01:0|
  000030  f1 40 d6 d5 40 d1 c1 d5  e4 c1 d9 e8 40 f1 6b 40  |1 ON JANUARY 1, |
  000040  f2 f0 f0 f1 40 1d 40 11  c2 60 13                 |2001 . .B-.     |
parse: 7 cmd:f1 kb:false mdt:false
file: C:\ide\Projects\ds\test\tso\htm\t8.html
p: 01:04:08.030647 127.0.0.1.9000 127.0.0.1.23 P 8
p: 01:04:08.031072 127.0.0.1.23 127.0.0.1.9000 P 0
p: 01:04:08.277078 127.0.0.1.23 127.0.0.1.9000 P 16
received: 16
packet: 14
  000000  00 00 02 00 08 f1 40 11  c2 61 1d c8 5c 13        |.....1 .B/.H*.  |
parse: 8 cmd:f1 kb:false mdt:false
file: C:\ide\Projects\ds\test\tso\htm\t9.html
p: 01:04:08.277724 127.0.0.1.9000 127.0.0.1.23 P 8
p: 01:04:08.278730 127.0.0.1.23 127.0.0.1.9000 P 0
p: 01:04:08.279217 127.0.0.1.23 127.0.0.1.9000 P 16
received: 16
packet: 14
  000000  00 00 02 00 09 f1 40 11  c2 e3 1d c8 5c 13        |.....1 .BT.H*.  |
parse: 9 cmd:f1 kb:false mdt:false
file: C:\ide\Projects\ds\test\tso\htm\t10.html
p: 01:04:08.279862 127.0.0.1.9000 127.0.0.1.23 P 8
p: 01:04:08.280500 127.0.0.1.23 127.0.0.1.9000 P 0
p: 01:04:08.601839 127.0.0.1.23 127.0.0.1.9000 P 16
received: 16
packet: 14
  000000  00 00 02 00 0a f1 40 11  c2 e5 1d c8 5c 13        |.....1 .BV.H*.  |
parse: 10 cmd:f1 kb:false mdt:false
file: C:\ide\Projects\ds\test\tso\htm\t11.html
p: 01:04:08.601998 127.0.0.1.9000 127.0.0.1.23 P 8
p: 01:04:08.602397 127.0.0.1.23 127.0.0.1.9000 P 0
p: 01:04:08.743359 127.0.0.1.23 127.0.0.1.9000 P 30
received: 30
packet: 28
  000000  00 00 02 00 0b f1 40 11  c3 f0 1d c8 11 c3 f1 d9  |.....1 .C0.H.C1R|
  000010  c5 c1 c4 e8 40 1d 40 13  11 c5 40 13              |EADY . ..E .    |
parse: 11 cmd:f1 kb:false mdt:false
file: C:\ide\Projects\ds\test\tso\htm\t12.html
p: 01:04:08.743488 127.0.0.1.9000 127.0.0.1.23 P 8
p: 01:04:08.744554 127.0.0.1.23 127.0.0.1.9000 P 0
p: 01:04:08.744916 127.0.0.1.23 127.0.0.1.9000 P 9
received: 9
packet: 7
  000000  00 00 02 00 0c f1 c2                              |.....1B         |
parse: 12 cmd:f1 kb:true mdt:false
file: C:\ide\Projects\ds\test\tso\htm\t13.html
p: 01:04:08.745023 127.0.0.1.9000 127.0.0.1.23 P 8
p: 01:04:08.745415 127.0.0.1.23 127.0.0.1.9000 P 0
p: 01:05:02.458917 127.0.0.1.9000 127.0.0.1.23 P 21
sent: 21
  000000  00 00 00 00 03 7d c5 c8  11 c3 f8 89 a2 97 86 40  |.....'EH.C8ispf |
  000010  f3 4b f2 ff ef                                    |3.2..           |
p: 01:05:02.459346 127.0.0.1.23 127.0.0.1.9000 P 0
p: 01:05:02.474707 127.0.0.1.23 127.0.0.1.9000 P 20
received: 20
packet: 17
  000000  00 00 02 00 0d f3 00 06  40 00 f1 c3 00 05 01 ff  |.....3.. .1C....|
  000010  02                                                |.               |
parse: 13 cmd:f3 kb:false mdt:false
p: 01:05:02.475390 127.0.0.1.9000 127.0.0.1.23 P 8
p: 01:05:02.475843 127.0.0.1.23 127.0.0.1.9000 P 0
p: 01:05:02.475872 127.0.0.1.9000 127.0.0.1.23 P 162
sent: 162
  000000  00 00 00 00 04 88 00 0d  81 80 80 81 84 85 86 87  |.....h..a..adefg|
  000010  88 a1 a6 00 17 81 81 01  00 00 50 00 18 01 00 64  |h~w..aa...&.....|
  000020  00 01 00 64 00 01 07 07  07 80 00 08 81 84 00 07  |............ad..|
  000030  80 00 00 1b 81 85 82 00  07 07 00 00 00 00 07 00  |....aeb.........|
  000040  10 00 02 b9 00 25 01 10  f1 03 c3 01 36 00 1a 81  |........1.C....a|
  000050  86 00 08 00 f4 f1 f1 f2  f2 f3 f3 f4 f4 f5 f5 f6  |f...411223344556|
  000060  f6 f7 f7 04 02 00 f0 00  0f 81 87 05 00 f0 f1 f1  |677...0..ag..011|
  000070  f2 f2 f4 f4 f8 f8 00 07  81 88 00 01 02 00 12 81  |224488..ah.....a|
  000080  a1 00 00 00 00 00 00 00  00 06 a7 f3 f2 f7 f0 00  |~.........x3270.|
  000090  11 81 a6 00 00 0b 01 00  00 50 00 18 00 50 00 18  |.aw......&...&..|
  0000a0  ff ef                                             |..              |
p: 01:05:02.476207 127.0.0.1.23 127.0.0.1.9000 P 0
p: 01:05:02.579551 127.0.0.1.23 127.0.0.1.9000 . 1452
received: 1452
p: 01:05:02.579664 127.0.0.1.23 127.0.0.1.9000 P 58
received: 58
packet: 1507
  000000  00 00 02 00 0e f5 c3 11  00 00 29 02 c0 60 42 f4  |.....5C.....{-.4|
  000010  29 02 c0 c8 42 f7 40 28  41 f4 d4 28 00 00 85 95  |..{H.7 ..4M...en|
  000020  a4 29 02 c0 c8 42 f7 40  28 41 f4 d9 28 00 00 85  |u..{H.7 ..4R...e|
  000030  86 d3 89 a2 a3 29 02 c0  c8 42 f7 40 28 41 f4 e4  |fList..{H.7 ..4U|
  000040  28 00 00 a3 89 93 89 a3  89 85 a2 29 02 c0 c8 42  |...tilities..{H.|
  000050  f7 40 28 41 f4 c8 28 00  00 85 93 97 29 02 c0 60  |7 ..4H...elp..{-|
  000060  42 f4 3c 00 50 40 29 02  c0 60 42 f1 08 a2 08 a2  |.4..& ..{-.1.s.s|
  000070  08 a2 08 a2 08 a2 08 a2  08 a2 08 a2 08 a2 08 a2  |.s.s.s.s.s.s.s.s|
  000080  08 a2 08 a2 08 a2 08 a2  08 a2 08 a2 08 a2 08 a2  |.s.s.s.s.s.s.s.s|
  000090  08 a2 08 a2 08 a2 08 a2  08 a2 08 a2 08 a2 08 a2  |.s.s.s.s.s.s.s.s|
  0000a0  08 a2 08 a2 08 a2 08 a2  08 a2 08 a2 08 a2 08 a2  |.s.s.s.s.s.s.s.s|
  0000b0  08 a2 08 a2 08 a2 08 a2  08 a2 08 a2 08 a2 08 a2  |.s.s.s.s.s.s.s.s|
  0000c0  08 a2 08 a2 08 a2 08 a2  08 a2 08 a2 08 a2 08 a2  |.s.s.s.s.s.s.s.s|
  0000d0  08 a2 08 a2 08 a2 08 a2  08 a2 08 a2 08 a2 08 a2  |.s.s.s.s.s.s.s.s|
  0000e0  08 a2 08 a2 08 a2 08 a2  08 a2 08 a2 08 a2 08 a2  |.s.s.s.s.s.s.s.s|
  0000f0  08 a2 08 a2 08 a2 08 a2  08 a2 08 a2 08 a2 08 a2  |.s.s.s.s.s.s.s.s|
  000100  08 a2 08 a2 08 a2 08 a2  40 29 02 c0 60 42 f4 3c  |.s.s.s.s ..{-.4.|
  000110  00 bf 40 29 02 c0 60 42  f1 c4 81 a3 81 40 e2 85  |.. ..{-.1Data Se|
  000120  a3 40 e4 a3 89 93 89 a3  a8 29 02 c0 60 42 f4 3c  |t Utility..{-.4.|
  000130  00 ef 40 29 02 c0 60 42  f4 29 02 c0 60 42 f4 d6  |.. ..{-.4..{-.4O|
  000140  97 a3 89 96 95 40 7e 7e  7e 6e 29 03 c0 40 41 f4  |ption ===>..{ .4|
  000150  42 f5 3c 01 3f 40 29 02  c0 60 42 f4 3c 01 83 40  |.5... ..{-.4..c |
  000160  29 02 c0 e8 42 f7 3c 01  8f 40 29 02 c0 60 42 f4  |..{Y.7... ..{-.4|
  000170  29 02 c0 60 42 f7 40 40  40 40 c1 29 02 c0 e8 42  |..{-.7    A..{Y.|
  000180  f5 c1 93 93 96 83 81 a3  85 40 95 85 a6 40 84 81  |5Allocate new da|
  000190  a3 81 40 a2 85 a3 3c 01  b3 00 29 02 c0 60 42 f4  |ta set......{-.4|
  0001a0  40 40 40 29 02 c0 60 42  f4 29 02 c0 60 42 f7 40  |   ..{-.4..{-.7 |
  0001b0  40 40 40 c3 29 02 c0 e8  42 f5 c3 81 a3 81 93 96  |   C..{Y.5Catalo|
  0001c0  87 40 84 81 a3 81 40 a2  85 a3 3c 01 db 00 29 02  |g data set......|
  0001d0  c0 60 42 f4 40 40 40 29  02 c0 60 42 f4 29 02 c0  |{-.4   ..{-.4..{|
  0001e0  60 42 f7 40 40 40 40 d9  29 02 c0 e8 42 f5 d9 85  |-.7    R..{Y.5Re|
  0001f0  95 81 94 85 40 85 95 a3  89 99 85 40 84 81 a3 81  |name entire data|
  000200  40 a2 85 a3 3c 02 03 00  29 02 c0 60 42 f4 40 40  | set......{-.4  |
  000210  40 29 02 c0 60 42 f4 29  02 c0 60 42 f7 40 40 40  | ..{-.4..{-.7   |
  000220  40 e4 29 02 c0 e8 42 f5  e4 95 83 81 a3 81 93 96  | U..{Y.5Uncatalo|
  000230  87 40 84 81 a3 81 40 a2  85 a3 3c 02 2b 00 29 02  |g data set......|
  000240  c0 60 42 f4 40 40 40 29  02 c0 60 42 f4 29 02 c0  |{-.4   ..{-.4..{|
  000250  60 42 f7 40 40 40 40 c4  29 02 c0 e8 42 f5 c4 85  |-.7    D..{Y.5De|
  000260  93 85 a3 85 40 85 95 a3  89 99 85 40 84 81 a3 81  |lete entire data|
  000270  40 a2 85 a3 3c 02 53 00  29 02 c0 60 42 f4 40 40  | set......{-.4  |
  000280  40 29 02 c0 60 42 f4 29  02 c0 60 42 f7 40 40 40  | ..{-.4..{-.7   |
  000290  40 e2 29 02 c0 e8 42 f5  e2 88 96 99 a3 40 84 81  | S..{Y.5Short da|
  0002a0  a3 81 40 a2 85 a3 40 89  95 86 96 99 94 81 a3 89  |ta set informati|
  0002b0  96 95 00 00 29 02 c0 60  42 f4 40 40 40 29 02 c0  |on....{-.4   ..{|
  0002c0  60 42 f4 29 02 c0 60 42  f7 82 93 81 95 92 29 02  |-.4..{-.7blank..|
  0002d0  c0 e8 42 f5 c4 81 a3 81  40 a2 85 a3 40 89 95 86  |{Y.5Data set inf|
  0002e0  96 99 94 81 a3 89 96 95  3c 02 a3 00 29 02 c0 60  |ormation..t...{-|
  0002f0  42 f4 40 40 40 29 02 c0  60 42 f4 29 02 c0 60 42  |.4   ..{-.4..{-.|
  000300  f7 40 40 40 40 e5 29 02  c0 e8 42 f5 e5 e2 c1 d4  |7    V..{Y.5VSAM|
  000310  40 e4 a3 89 93 89 a3 89  85 a2 3c 02 cb 00 29 02  | Utilities......|
  000320  c0 60 42 f4 40 40 40 29  02 c0 60 42 f4 29 02 c0  |{-.4   ..{-.4..{|
  000330  f0 42 f1 29 02 c0 f0 42  f1 40 29 02 c0 60 42 f4  |0.1..{0.1 ..{-.4|
  000340  3c 03 20 40 29 02 c0 e8  42 f1 c9 e2 d7 c6 40 d3  |... ..{Y.1ISPF L|
  000350  89 82 99 81 99 a8 7a 29  02 c0 e8 42 f1 3c 03 6f  |ibrary:..{Y.1..?|
  000360  40 29 02 c0 60 42 f4 29  02 c0 60 42 f4 40 29 02  | ..{-.4..{-.4 ..|
  000370  c0 60 42 f4 29 02 c0 60  42 f4 d7 99 96 91 85 83  |{-.4..{-.4Projec|
  000380  a3 40 40 4b 40 4b 29 03  c0 40 41 f4 42 f5 e3 e2  |t  . ...{ .4.5TS|
  000390  d6 e4 e2 c5 d9 00 29 02  c0 60 42 f4 3c 03 91 40  |OUSER...{-.4..j |
  0003a0  29 02 c0 60 42 f4 c5 95  a3 85 99 40 7f 61 7f 40  |..{-.4Enter "/" |
  0003b0  a3 96 40 a2 85 93 85 83  a3 40 96 97 a3 89 96 95  |to select option|
  0003c0  40 40 40 40 29 02 c0 60  42 f4 3c 03 c0 40 29 02  |    ..{-.4..{ ..|
  0003d0  c0 60 42 f4 40 29 02 c0  60 42 f4 29 02 c0 60 42  |{-.4 ..{-.4..{-.|
  0003e0  f4 c7 99 96 a4 97 40 40  4b 40 4b 40 4b 29 03 c0  |4Group  . . ...{|
  0003f0  40 41 f4 42 f5 e6 d6 d9  d2 00 00 00 00 29 02 c0  | .4.5WORK......{|
  000400  60 42 f4 3c 03 e1 40 29  03 c0 40 41 f4 42 f5 61  |-.4... ..{ .4.5/|
  000410  29 02 c0 60 42 f4 29 02  c0 60 42 f7 c3 96 95 86  |..{-.4..{-.7Conf|
  000420  89 99 94 40 c4 81 a3 81  40 e2 85 a3 40 c4 85 93  |irm Data Set Del|
  000430  85 a3 85 3c 04 0f 40 29  02 c0 60 42 f4 29 02 c0  |ete... ..{-.4..{|
  000440  60 42 f4 40 29 02 c0 60  42 f4 29 02 c0 60 42 f4  |-.4 ..{-.4..{-.4|
  000450  e3 a8 97 85 40 4b 40 4b  40 4b 40 4b 29 03 c0 40  |Type . . . ...{ |
  000460  41 f4 42 f5 d3 c9 c2 3c  04 29 00 29 02 c0 60 42  |.4.5LIB......{-.|
  000470  f4 3c 04 60 40 29 02 c0  60 42 f4 3c 04 b0 40 29  |4..- ..{-.4..^ .|
  000480  02 c0 e8 42 f1 d6 a3 88  85 99 40 d7 81 99 a3 89  |.{Y.1Other Parti|
  000490  a3 89 96 95 85 84 6b 40  e2 85 98 a4 85 95 a3 89  |tioned, Sequenti|
  0004a0  81 93 40 96 99 40 e5 e2  c1 d4 40 c4 81 a3 81 40  |al or VSAM Data |
  0004b0  e2 85 a3 7a 29 02 c0 e8  42 f1 3c 04 ff 40 29 02  |Set:..{Y.1... ..|
  0004c0  c0 60 42 f4 29 02 c0 60  42 f4 40 29 02 c0 60 42  |{-.4..{-.4 ..{-.|
  0004d0  f4 29 02 c0 60 42 f4 d5  81 94 85 40 40 4b 40 4b  |4..{-.4Name  . .|
  0004e0  40 4b 40 4b 40 4b 40 4b  40 4b 29 03 c0 40 41 f4  | . . . . ...{ .4|
  0004f0  42 f5 3c 05 50 40 29 02  c0 60 42 f4 40 29 02 c0  |.5..& ..{-.4 ..{|
  000500  60 42 f4 29 02 c0 60 42  f4 e5 96 93 a4 94 85 40  |-.4..{-.4Volume |
  000510  e2 85 99 89 81 93 40 4b  40 4b 40 4b 29 03 c0 40  |Serial . . ...{ |
  000520  41 f4 42 f5 3c 05 6e 40  29 02 c0 60 42 f4 40 40  |.4.5..> ..{-.4  |
  000530  29 02 c0 60 42 f4 4d c9  86 40 95 96 a3 40 83 81  |..{-.4(If not ca|
  000540  a3 81 93 96 87 85 84 6b  40 99 85 98 a4 89 99 85  |taloged, require|
  000550  84 40 86 96 99 40 96 97  a3 89 96 95 40 7f c3 7f  |d for option "C"|
  000560  5d 29 02 c0 60 42 f4 40  40 29 02 c0 f0 42 f1 29  |)..{-.4  ..{0.1.|
  000570  02 c0 f0 42 f1 40 29 02  c0 60 42 f4 3c 05 f0 40  |.{0.1 ..{-.4..0 |
  000580  29 02 c0 60 42 f4 c4 81  a3 81 40 e2 85 a3 40 d7  |..{-.4Data Set P|
  000590  81 a2 a2 a6 96 99 84 40  40 4b 40 4b 29 03 c0 4c  |assword  . ...{<|
  0005a0  41 f4 42 f5 3c 06 10 40  29 02 c0 60 42 f4 29 02  |.4.5... ..{-.4..|
  0005b0  c0 60 42 f4 4d c9 86 40  97 81 a2 a2 a6 96 99 84  |{-.4(If password|
  0005c0  40 97 99 96 a3 85 83 a3  85 84 5d 29 02 c0 60 42  | protected)..{-.|
  0005d0  f4 3c 06 40 40 29 02 c0  e8 42 f7 3c 00 00 00 11  |4..  ..{Y.7.....|
  0005e0  00 fd 13                                          |...             |
parse: 14 cmd:f5 kb:true mdt:true
file: C:\ide\Projects\ds\test\tso\htm\t14.html
p: 01:05:02.579710 127.0.0.1.9000 127.0.0.1.23 . 0
p: 01:05:02.582805 127.0.0.1.9000 127.0.0.1.23 P 8
p: 01:05:02.583230 127.0.0.1.23 127.0.0.1.9000 P 0
p: 01:05:05.855617 127.0.0.1.9000 127.0.0.1.23 P 79
sent: 79
  000000  00 00 00 00 05 7d c3 7e  11 c3 7d a2 40 40 40 40  |.....'C=.C's    |
  000010  40 40 40 40 40 40 40 40  40 40 40 40 40 40 40 40  |                |
  000020  40 40 40 40 40 40 40 40  40 40 40 40 40 40 40 40  |                |
  000030  40 40 40 40 40 40 40 40  40 40 40 40 40 40 40 40  |                |
  000040  40 40 40 40 40 40 40 40  40 40 40 40 40 ff ef     |             .. |
p: 01:05:05.856060 127.0.0.1.23 127.0.0.1.9000 P 0
p: 01:05:05.921903 127.0.0.1.23 127.0.0.1.9000 . 1452
received: 1452
p: 01:05:05.921944 127.0.0.1.23 127.0.0.1.9000 P 601
received: 601
packet: 2051
  000000  00 00 02 00 0f f1 c3 11  00 01 3c 00 1d 40 11 00  |.....1C...... ..|
  000010  1d 29 02 c0 60 42 f1 c4  81 a3 81 40 e2 85 a3 40  |...{-.1Data Set |
  000020  c9 95 86 96 99 94 81 a3  89 96 95 11 00 32 29 02  |Information.....|
  000030  c0 60 42 f4 3c 00 4f 40  11 00 4f 29 02 c0 60 42  |{-.4..| ..|..{-.|
  000040  f4 29 02 c0 60 42 f4 c3  96 94 94 81 95 84 40 7e  |4..{-.4Command =|
  000050  7e 7e 6e 11 00 5d 29 03  c0 40 41 f4 42 f5 3c 00  |==>..)..{ .4.5..|
  000060  9f 40 11 00 9f 29 02 c0  60 42 f4 3c 00 e3 40 11  |. .....{-.4..T .|
  000070  00 e3 29 02 c0 e8 42 f7  3c 00 ef 40 11 00 f1 c4  |.T..{Y.7... ..1D|
  000080  81 a3 81 40 e2 85 a3 40  d5 81 94 85 40 4b 40 4b  |ata Set Name . .|
  000090  40 4b 40 4b 40 7a 11 01  08 29 02 c0 60 42 f5 e3  | . . :.....{-.5T|
  0000a0  e2 d6 e4 e2 c5 d9 4b e6  d6 d9 d2 4b d3 c9 c2 3c  |SOUSER.WORK.LIB.|
  0000b0  01 35 00 11 01 35 29 02  c0 60 42 f4 3c 01 40 40  |........{-.4..  |
  0000c0  11 01 40 29 02 c0 f0 42  f1 29 02 c0 f0 42 f1 40  |.. ..{0.1..{0.1 |
  0000d0  11 01 43 29 02 c0 60 42  f4 3c 01 90 40 11 01 90  |.....{-.4... ...|
  0000e0  29 02 c0 e8 42 f1 c7 85  95 85 99 81 93 40 c4 81  |..{Y.1General Da|
  0000f0  a3 81 11 01 9d 29 02 c0  e8 42 f1 3c 01 b6 40 11  |ta.....{Y.1... .|
  000100  01 b6 29 02 c0 60 42 f4  29 02 c0 e8 42 f1 c3 a4  |....{-.4..{Y.1Cu|
  000110  99 99 85 95 a3 40 c1 93  93 96 83 81 a3 89 96 95  |rrent Allocation|
  000120  11 01 ca 29 02 c0 e8 42  f1 3c 01 dc 40 11 01 dc  |.....{Y.1... ...|
  000130  29 02 c0 60 42 f4 40 40  40 11 01 e0 29 02 c0 60  |..{-.4   ..\..{-|
  000140  42 f4 29 02 c0 60 42 f4  d4 81 95 81 87 85 94 85  |.4..{-.4Manageme|
  000150  95 a3 40 83 93 81 a2 a2  40 4b 40 4b 40 7a 11 01  |nt class . . :..|
  000160  f8 29 02 c0 60 42 f5 e2  e8 e2 c4 c1 40 40 40 11  |8..{-.5SYSDA   .|
  000170  02 01 29 02 c0 60 42 f4  3c 02 07 40 11 02 08 29  |....{-.4... ....|
  000180  02 c0 60 42 f4 c1 93 93  96 83 81 a3 85 84 40 a3  |.{-.4Allocated t|
  000190  99 81 83 92 a2 40 40 4b  40 7a 11 02 1e 29 02 c0  |racks  . :.....{|
  0001a0  60 42 f5 f2 3c 02 2c 00  11 02 2c 29 02 c0 60 42  |-.52.........{-.|
  0001b0  f4 29 02 c0 60 42 f5 40  40 11 02 30 29 02 c0 60  |4..{-.5  .....{-|
  0001c0  42 f4 29 02 c0 60 42 f4  e2 a3 96 99 81 87 85 40  |.4..{-.4Storage |
  0001d0  83 93 81 a2 a2 40 40 4b  40 4b 40 4b 40 7a 11 02  |class  . . . :..|
  0001e0  48 29 02 c0 60 42 f5 c4  c9 e2 d2 40 40 40 40 11  |...{-.5DISK    .|
  0001f0  02 51 29 02 c0 60 42 f4  3c 02 57 40 11 02 58 29  |....{-.4... ....|
  000200  02 c0 60 42 f4 c1 93 93  96 83 81 a3 85 84 40 85  |.{-.4Allocated e|
  000210  a7 a3 85 95 a3 a2 40 4b  40 7a 11 02 6e 29 02 c0  |xtents . :..>..{|
  000220  60 42 f5 f1 3c 02 7c 00  11 02 7c 29 02 c0 60 42  |-.51..@...@..{-.|
  000230  f4 29 02 c0 f0 42 f1 29  02 c0 f0 42 f1 11 02 80  |4..{0.1..{0.1...|
  000240  29 02 c0 60 42 f4 29 02  c0 60 42 f4 29 02 c0 60  |..{-.4..{-.4..{-|
  000250  42 f4 e5 96 93 a4 94 85  40 a2 85 99 89 81 93 40  |.4Volume serial |
  000260  4b 40 4b 40 4b 40 7a 11  02 98 29 02 c0 60 42 f5  |. . . :..q..{-.5|
  000270  e5 d6 d3 f0 f0 f1 11 02  9f 29 02 c0 6c 42 f5 40  |VOL001.....{%.5 |
  000280  11 02 a1 29 02 c0 60 42  f4 3c 02 a7 40 11 02 a7  |..~..{-.4..x ..x|
  000290  29 02 c0 f0 42 f1 29 02  c0 f0 42 f1 40 11 02 aa  |..{0.1..{0.1 ...|
  0002a0  29 02 c0 60 42 f4 3c 02  cd 40 11 02 cd 29 02 c0  |..{-.4... .....{|
  0002b0  f0 42 f1 29 02 c0 f0 42  f1 11 02 d0 29 02 c0 60  |0.1..{0.1..}..{-|
  0002c0  42 f4 29 02 c0 60 42 f4  29 02 c0 60 42 f4 c4 85  |.4..{-.4..{-.4De|
  0002d0  a5 89 83 85 40 a3 a8 97  85 40 4b 40 4b 40 4b 40  |vice type . . . |
  0002e0  4b 40 7a 11 02 e8 29 02  c0 60 42 f5 f3 f3 f9 f0  |. :..Y..{-.53390|
  0002f0  00 00 00 00 11 02 f1 29  02 c0 60 42 f4 3c 02 f7  |......1..{-.4..7|
  000300  40 11 02 f7 29 02 c0 f0  42 f1 29 02 c0 f0 42 f1  | ..7..{0.1..{0.1|
  000310  40 11 02 fa 29 02 c0 60  42 f4 3c 03 1d 40 11 03  | .....{-.4... ..|
  000320  1d 29 02 c0 f0 42 f1 29  02 c0 f0 42 f1 29 02 c0  |...{0.1..{0.1..{|
  000330  60 42 f4 29 02 c0 60 42  f4 29 02 c0 60 42 f4 c4  |-.4..{-.4..{-.4D|
  000340  81 a3 81 40 83 93 81 a2  a2 40 4b 40 4b 40 4b 40  |ata class . . . |
  000350  4b 40 4b 40 7a 11 03 38  29 02 c0 60 42 f5 5c 5c  |. . :.....{-.5**|
  000360  d5 96 95 85 5c 5c 11 03  41 29 02 c0 60 42 f4 3c  |None**.....{-.4.|
  000370  03 47 40 11 03 47 29 02  c0 e8 42 f1 c3 a4 99 99  |.. .....{Y.1Curr|
  000380  85 95 a3 40 e4 a3 89 93  89 a9 81 a3 89 96 95 11  |ent Utilization.|
  000390  03 5b 29 02 c0 e8 42 f1  3c 03 6c 40 11 03 6c 29  |.$..{Y.1..% ..%.|
  0003a0  02 c0 60 42 f4 29 02 c0  f0 42 f1 29 02 c0 f0 42  |.{-.4..{0.1..{0.|
  0003b0  f1 11 03 71 29 02 c0 60  42 f4 11 03 73 d6 99 87  |1.....{-.4...Org|
  0003c0  81 95 89 a9 81 a3 89 96  95 40 40 4b 40 4b 40 4b  |anization  . . .|
  0003d0  40 7a 11 03 88 29 02 c0  60 42 f5 d7 d6 3c 03 91  | :..h..{-.5PO..j|
  0003e0  00 11 03 92 3c 03 97 40  11 03 97 29 02 c0 60 42  |...k..p ..p..{-.|
  0003f0  f4 29 02 c0 60 42 f4 e4  a2 85 84 40 a3 99 81 83  |4..{-.4Used trac|
  000400  92 a2 40 4b 40 4b 40 4b  40 4b 40 7a 11 03 ae 29  |ks . . . . :....|
  000410  02 c0 60 42 f5 f2 3c 03  bc 00 11 03 bc 29 02 c0  |.{-.52.........{|
  000420  60 42 f4 29 02 c0 60 42  f5 40 40 11 03 c1 29 02  |-.4..{-.5  ..A..|
  000430  c0 60 42 f4 11 03 c3 d9  85 83 96 99 84 40 86 96  |{-.4..CRecord fo|
  000440  99 94 81 a3 40 4b 40 4b  40 4b 40 7a 11 03 d8 29  |rmat . . . :..Q.|
  000450  02 c0 60 42 f5 c6 c2 00  00 00 00 11 03 df 29 02  |.{-.5FB.........|
  000460  c0 60 42 f4 3c 03 e7 40  11 03 e7 29 02 c0 60 42  |{-.4..X ..X..{-.|
  000470  f4 29 02 c0 60 42 f4 e4  a2 85 84 40 85 a7 a3 85  |4..{-.4Used exte|
  000480  95 a3 a2 40 40 4b 40 4b  40 4b 40 7a 11 03 fe 29  |nts  . . . :....|
  000490  02 c0 60 42 f5 f1 3c 04  0c 00 11 04 0c 29 02 c0  |.{-.51.........{|
  0004a0  60 42 f4 40 40 40 11 04  11 29 02 c0 60 42 f4 11  |-.4   .....{-.4.|
  0004b0  04 13 d9 85 83 96 99 84  40 93 85 95 87 a3 88 40  |..Record length |
  0004c0  4b 40 4b 40 4b 40 7a 11  04 28 29 02 c0 60 42 f5  |. . . :.....{-.5|
  0004d0  f8 f0 3c 04 30 00 11 04  30 29 02 c0 60 42 f4 3c  |80.........{-.4.|
  0004e0  04 37 40 11 04 37 29 02  c0 60 42 f4 29 02 c0 f0  |.. .....{-.4..{0|
  0004f0  42 f1 29 02 c0 f0 42 f1  40 11 04 3b 29 02 c0 60  |.1..{0.1 .....{-|
  000500  42 f4 3c 04 60 40 11 04  61 29 02 c0 60 42 f4 29  |.4..- ../..{-.4.|
  000510  02 c0 60 42 f4 c2 93 96  83 92 40 a2 89 a9 85 40  |.{-.4Block size |
  000520  40 4b 40 4b 40 4b 40 4b  40 7a 11 04 78 29 02 c0  | . . . . :.....{|
  000530  60 42 f5 f3 f1 f2 f0 00  00 00 00 11 04 81 29 02  |-.53120......a..|
  000540  c0 60 42 f4 3c 04 87 40  11 04 87 29 02 c0 60 42  |{-.4..g ..g..{-.|
  000550  f4 29 02 c0 f0 42 f1 29  02 c0 f0 42 f1 40 11 04  |4..{0.1..{0.1 ..|
  000560  8b 29 02 c0 60 42 f4 3c  04 b0 40 11 04 b0 29 02  |...{-.4..^ ..^..|
  000570  c0 60 42 f4 29 02 c0 60  42 f4 29 02 c0 60 42 f4  |{-.4..{-.4..{-.4|
  000580  f1 a2 a3 40 85 a7 a3 85  95 a3 40 a3 99 81 83 92  |1st extent track|
  000590  a2 40 4b 40 7a 11 04 c8  29 02 c0 60 42 f5 f2 3c  |s . :..H..{-.52.|
  0005a0  04 d6 00 11 04 d6 29 02  c0 60 42 f4 29 02 c0 60  |.O...O..{-.4..{-|
  0005b0  42 f4 29 02 c0 f0 42 f1  29 02 c0 f0 42 f1 40 11  |.4..{0.1..{0.1 .|
  0005c0  04 db 29 02 c0 60 42 f4  3c 05 00 40 11 05 01 29  |....{-.4... ....|
  0005d0  02 c0 60 42 f4 11 05 03  e2 85 83 96 95 84 81 99  |.{-.4...Secondar|
  0005e0  a8 40 a3 99 81 83 92 a2  40 40 4b 40 7a 11 05 18  |y tracks  . :...|
  0005f0  29 02 c0 60 42 f5 f1 f0  3c 05 26 00 11 05 26 29  |..{-.510........|
  000600  02 c0 60 42 f4 29 02 c0  60 42 f4 29 02 c0 f0 42  |.{-.4..{-.4..{0.|
  000610  f1 29 02 c0 f0 42 f1 40  11 05 2b 29 02 c0 60 42  |1..{0.1 .....{-.|
  000620  f4 3c 05 50 40 11 05 51  29 02 c0 60 42 f4 11 05  |4..& .....{-.4..|
  000630  53 c4 81 a3 81 40 a2 85  a3 40 95 81 94 85 40 a3  |.Data set name t|
  000640  a8 97 85 40 40 7a 11 05  68 29 02 c0 60 42 f5 d7  |ype  :.....{-.5P|
  000650  c4 e2 3c 05 73 00 11 05  73 29 02 c0 60 42 f4 40  |DS.........{-.4 |
  000660  40 40 11 05 77 29 02 c0  60 42 f4 29 02 c0 60 42  |  .....{-.4..{-.|
  000670  f4 3c 05 8e 40 11 05 8e  29 02 c0 6c 42 f5 d5 d6  |4... .....{%.5NO|
  000680  00 00 11 05 93 29 02 c0  60 42 f4 3c 05 a0 40 11  |....l..{-.4... .|
  000690  05 a0 29 02 c0 60 42 f4  29 02 c0 60 42 f4 29 02  |....{-.4..{-.4..|
  0006a0  c0 f0 42 f1 29 02 c0 f0  42 f1 40 11 05 a5 29 02  |{0.1..{0.1 ..v..|
  0006b0  c0 60 42 f4 3c 05 c7 40  11 05 c7 29 02 c0 60 42  |{-.4..G ..G..{-.|
  0006c0  f4 29 02 c0 f0 42 f1 29  02 c0 f0 42 f1 40 11 05  |4..{0.1..{0.1 ..|
  0006d0  cb 29 02 c0 60 42 f4 3c  05 f0 40 11 05 f1 29 02  |...{-.4..0 ..1..|
  0006e0  c0 60 42 f4 29 02 c0 60  42 f4 c3 99 85 81 a3 89  |{-.4..{-.4Creati|
  0006f0  96 95 40 84 81 a3 85 40  4b 40 4b 40 4b 40 7a 11  |on date . . . :.|
  000700  06 08 29 02 c0 60 42 f5  f2 f0 f0 f1 61 f0 f1 61  |....{-.52001/01/|
  000710  f0 f1 11 06 13 29 02 c0  60 42 f4 40 40 40 11 06  |01.....{-.4   ..|
  000720  17 29 02 c0 60 42 f4 29  02 c0 60 42 f4 d9 85 86  |...{-.4..{-.4Ref|
  000730  85 99 85 95 83 85 84 40  84 81 a3 85 40 4b 40 4b  |erenced date . .|
  000740  40 7a 11 06 2e 29 02 c0  60 42 f5 f2 f0 f0 f1 61  | :.....{-.52001/|
  000750  f0 f1 61 f0 f1 11 06 39  29 02 c0 60 42 f4 3c 06  |01/01.....{-.4..|
  000760  40 40 11 06 40 29 02 c0  60 42 f4 40 40 c5 a7 97  |  .. ..{-.4  Exp|
  000770  89 99 81 a3 89 96 95 40  84 81 a3 85 40 4b 40 4b  |iration date . .|
  000780  40 7a 11 06 58 29 02 c0  60 42 f5 5c 5c 5c d5 96  | :.....{-.5***No|
  000790  95 85 5c 5c 5c 11 06 63  29 02 c0 60 42 f4 29 02  |ne***.....{-.4..|
  0007a0  c0 60 42 f4 3c 06 8f 40  11 06 8f 29 02 c0 60 42  |{-.4... .....{-.|
  0007b0  f4 29 02 c0 f0 42 f1 29  02 c0 f0 42 f1 40 11 06  |4..{0.1..{0.1 ..|
  0007c0  93 29 02 c0 60 42 f4 3c  06 e0 40 11 06 e0 29 02  |l..{-.4..\ ..\..|
  0007d0  c0 6c 42 f5 3c 07 2b 40  11 07 2b 29 02 c0 60 42  |{%.5... .....{-.|
  0007e0  f4 40 40 40 40 11 07 30  29 02 c0 6c 42 f5 3c 07  |4    .....{%.5..|
  0007f0  7b 40 11 07 7b 29 02 c0  60 42 f4 40 40 40 40 11  |# ..#..{-.4    .|
  000800  00 5e 13                                          |.;.             |
parse: 15 cmd:f1 kb:true mdt:true
file: C:\ide\Projects\ds\test\tso\htm\t15.html
p: 01:05:05.922079 127.0.0.1.9000 127.0.0.1.23 . 0
p: 01:05:05.925390 127.0.0.1.9000 127.0.0.1.23 P 8
p: 01:05:05.925852 127.0.0.1.23 127.0.0.1.9000 P 0
p: 01:06:03.391560 127.0.0.1.9000 127.0.0.1.23 P 78
sent: 78
  000000  00 00 00 00 06 7d c1 60  11 c1 5e 7e a7 40 40 40  |.....'A-.A;=x   |
  000010  40 40 40 40 40 40 40 40  40 40 40 40 40 40 40 40  |                |
  000020  40 40 40 40 40 40 40 40  40 40 40 40 40 40 40 40  |                |
  000030  40 40 40 40 40 40 40 40  40 40 40 40 40 40 40 40  |                |
  000040  40 40 40 40 40 40 40 40  40 40 40 40 ff ef        |            ..  |
p: 01:06:03.392160 127.0.0.1.23 127.0.0.1.9000 P 0
p: 01:06:03.491295 127.0.0.1.23 127.0.0.1.9000 P 35
received: 35
packet: 33
  000000  00 00 02 00 10 f5 c1 11  5d 7f 1d 40 11 40 40 1d  |.....5A.)". .  .|
  000010  c8 11 40 c1 d9 c5 c1 c4  e8 40 1d 40 13 11 c1 50  |H. AREADY . ..A&|
  000020  13                                                |.               |
parse: 16 cmd:f5 kb:false mdt:true
file: C:\ide\Projects\ds\test\tso\htm\t16.html
p: 01:06:03.497852 127.0.0.1.9000 127.0.0.1.23 P 8
p: 01:06:03.498301 127.0.0.1.23 127.0.0.1.9000 P 0
p: 01:06:03.499022 127.0.0.1.23 127.0.0.1.9000 P 9
received: 9
packet: 7
  000000  00 00 02 00 11 f1 c2                              |.....1B         |
parse: 17 cmd:f1 kb:true mdt:false
file: C:\ide\Projects\ds\test\tso\htm\t17.html
p: 01:06:03.501567 127.0.0.1.9000 127.0.0.1.23 P 8
p: 01:06:03.501979 127.0.0.1.23 127.0.0.1.9000 P 0
p: 01:07:07.893586 127.0.0.1.9000 127.0.0.1.23 P 19
sent: 19
  000000  00 00 00 00 07 7d c1 d6  11 40 c8 93 96 87 96 86  |.....'AO. Hlogof|
  000010  86 ff ef                                          |f..             |
p: 01:07:07.894108 127.0.0.1.23 127.0.0.1.9000 P 0
p: 01:07:07.996434 127.0.0.1.23 127.0.0.1.9000 P 74
received: 74
packet: 72
  000000  00 00 02 00 12 f1 c1 11  c2 60 1d c8 e3 e2 d6 e4  |.....1A.B-.HTSOU|
  000010  e2 c5 d9 40 d3 d6 c7 c7  c5 c4 40 d6 c6 c6 40 e3  |SER LOGGED OFF T|
  000020  e2 d6 40 c1 e3 40 f0 f1  7a f0 f1 7a f0 f1 40 d6  |SO AT 01:01:01 O|
  000030  d5 40 d1 c1 d5 e4 c1 d9  e8 40 f1 6b 40 f2 f0 f0  |N JANUARY 1, 200|
  000040  f1 40 1d 40 11 c3 f0 13                           |1 . .C0.        |
parse: 18 cmd:f1 kb:false mdt:true
file: C:\ide\Projects\ds\test\tso\htm\t18.html
p: 01:07:07.997169 127.0.0.1.9000 127.0.0.1.23 P 8
p: 01:07:07.998068 127.0.0.1.23 127.0.0.1.9000 P 0
p: 01:08:06.001844 127.0.0.1.23 127.0.0.1.9000 P 26
received: 26
packet: 24
  000000  00 00 02 00 13 f1 40 11  c3 f0 1d c8 5c 5c 5c 5c  |.....1 .C0.H****|
  000010  5c 5c 1d 40 11 c5 40 13                           |**. .E .        |
parse: 19 cmd:f1 kb:false mdt:false
file: C:\ide\Projects\ds\test\tso\htm\t19.html
p: 01:08:06.005638 127.0.0.1.9000 127.0.0.1.23 P 8
p: 01:08:06.006407 127.0.0.1.23 127.0.0.1.9000 P 0
p: 01:08:09.008374 127.0.0.1.23 127.0.0.1.9000 P 8
received: 8
packet: 6
  000000  04 00 00 00 00 01                                 |......          |
p: 01:08:09.010886 127.0.0.1.23 127.0.0.1.9000 . 135
received: 135
packet: 40
  000000  03 00 00 00 00 31 01 03  03 91 90 30 80 00 84 87  |.........j....dg|
  000010  f8 80 00 02 80 00 00 00  00 18 50 00 00 7e 00 00  |8.........&..=..|
  000020  06 e3 c5 d3 d5 c5 e3 00                           |.TELNET.        |
packet: 91
  000000  00 00 00 00 00 01 c2 1d  60 d5 c5 e3 e2 d6 d3 40  |......B.-NETSOL |
  000010  d4 e2 c7 f1 f0 7a 40 c5  d5 e3 c5 d9 40 c1 d7 d7  |MSG10: ENTER APP|
  000020  d3 c9 c3 c1 e3 c9 d6 d5  40 40 40 40 40 40 40 40  |LICATION        |
  000030  40 40 40 40 40 40 40 40  40 40 40 40 40 40 40 40  |                |
  000040  40 40 40 40 40 40 40 40  40 40 40 40 40 40 40 40  |                |
  000050  40 40 40 40 40 40 40 40  1d 40 13                 |        . .     |
parse: 0 cmd:1 kb:true mdt:false
file: C:\ide\Projects\ds\test\tso\htm\t20.html
p: 01:08:09.014563 127.0.0.1.9000 127.0.0.1.23 . 0
p: 01:08:09.110181 127.0.0.1.9000 127.0.0.1.23 . 0
p: 01:08:09.587567 127.0.0.1.9000 127.0.0.1.23 F 0
p: 01:08:09.588953 127.0.0.1.23 127.0.0.1.9000 FP 0
p: 01:08:09.590287 127.0.0.1.9000 127.0.0.1.23 . 0
